Scope: all 2 workspace projects
✓ Lockfile passes supply-chain policies (verified 2d ago)
Lockfile is up to date, resolution step is skipped
Progress: resolved 1, reused 0, downloaded 0, added 0
Packages: +183
++++++++++++++++++++++++++++++++++++++++++++++++++++++++++++++++++++++++++++++++
Packages are cloned from the content-addressable store to the virtual store.
  Content-addressable store is at: /Users/aditya/.local/share/pnpm/store/v11
  Virtual store is at:             node_modules/.pnpm

   ╭──────────────────────────────────────────╮
   │                                          │
   │   Update available! 11.18.0 → 11.25.0.   │
   │   Changelog: https://pnpm.io/v/11.25.0   │
   │     To update, run: pnpm add -g pnpm     │
   │                                          │
   ╰──────────────────────────────────────────╯

Progress: resolved 183, reused 183, downloaded 0, added 183, done
.../.pnpm/koffi@3.1.6/node_modules/koffi install$ node ./cnoke.cjs -P . -D src/koffi --prebuild --release
.../.pnpm/koffi@3.1.6/node_modules/koffi install: Done

dependencies:
+ @cloudflare/computer 0.3.0
+ better-result 3.0.1

devDependencies:
+ @cf-stumble/pi 0.84.4 <- vendor/pi-v0.84.4
+ @cloudflare/vitest-plugin 1.1.0
+ @cloudflare/workers-types 5.20260827.1
+ @hegeldev/hegel 0.4.5
+ @oxlint/plugins 1.80.0
+ @types/node 22.19.19
+ esbuild 0.28.1
+ oxfmt 0.65.0
+ oxlint 1.80.0
+ oxlint-tsgolint 7.0.2001
+ tsx 4.22.1
+ typebox 1.3.7
+ typescript 7.0.2
+ vitest 4.1.11
+ wrangler 4.126.0

. prepare$ git config core.hooksPath .githooks || true
. prepare: fatal: not in a git directory
. prepare: Done
Done in 3.4s using pnpm v11.18.0
$ pnpm exec tsx tools/build-generation-0.mts
✘ [ERROR] Could not resolve "@cf-stumble/pi"

    src/facet/generation-0/pi-agent-turn.ts:7:7:
      7 │ } from "@cf-stumble/pi";
        ╵        ~~~~~~~~~~~~~~~~

  The module "./dist/index.js" was not found on the file system:

    node_modules/@cf-stumble/pi/package.json:9:16:
      9 │       "import": "./dist/index.js"
        ╵                 ~~~~~~~~~~~~~~~~~

  You can mark the path "@cf-stumble/pi" as external to exclude it from the bundle, which will remove this error and leave the unresolved path in the bundle.

✘ [ERROR] Could not resolve "@cf-stumble/pi"

    src/facet/generation-0/route-stream.ts:1:50:
      1 │ import { createAssistantMessageEventStream } from "@cf-stumble/pi";
        ╵                                                   ~~~~~~~~~~~~~~~~

  The module "./dist/index.js" was not found on the file system:

    node_modules/@cf-stumble/pi/package.json:9:16:
      9 │       "import": "./dist/index.js"
        ╵                 ~~~~~~~~~~~~~~~~~

  You can mark the path "@cf-stumble/pi" as external to exclude it from the bundle, which will remove this error and leave the unresolved path in the bundle.

✘ [ERROR] Could not resolve "@cf-stumble/pi"

    src/facet/generation-0/execution-env-paths.ts:1:26:
      1 │ import { FileError } from "@cf-stumble/pi";
        ╵                           ~~~~~~~~~~~~~~~~

  The module "./dist/index.js" was not found on the file system:

    node_modules/@cf-stumble/pi/package.json:9:16:
      9 │       "import": "./dist/index.js"
        ╵                 ~~~~~~~~~~~~~~~~~

  You can mark the path "@cf-stumble/pi" as external to exclude it from the bundle, which will remove this error and leave the unresolved path in the bundle.

✘ [ERROR] Could not resolve "@cf-stumble/pi"

    src/facet/generation-0/execution-env-filesystem.ts:1:26:
      1 │ import { FileError } from "@cf-stumble/pi";
        ╵                           ~~~~~~~~~~~~~~~~

  The module "./dist/index.js" was not found on the file system:

    node_modules/@cf-stumble/pi/package.json:9:16:
      9 │       "import": "./dist/index.js"
        ╵                 ~~~~~~~~~~~~~~~~~

  You can mark the path "@cf-stumble/pi" as external to exclude it from the bundle, which will remove this error and leave the unresolved path in the bundle.

✘ [ERROR] Could not resolve "@cf-stumble/pi"

    src/facet/generation-0/execution-env-exec.ts:1:45:
      1 │ import { ExecutionError, truncateTail } from "@cf-stumble/pi";
        ╵                                              ~~~~~~~~~~~~~~~~

  The module "./dist/index.js" was not found on the file system:

    node_modules/@cf-stumble/pi/package.json:9:16:
      9 │       "import": "./dist/index.js"
        ╵                 ~~~~~~~~~~~~~~~~~

  You can mark the path "@cf-stumble/pi" as external to exclude it from the bundle, which will remove this error and leave the unresolved path in the bundle.

/private/tmp/cf-stumble-v0/clean-harness-archive/node_modules/.pnpm/esbuild@0.28.1/node_modules/esbuild/lib/main.js:1748
  let error = new Error(text);
              ^

Error: Build failed with 5 errors:
src/facet/generation-0/execution-env-exec.ts:1:45: ERROR: Could not resolve "@cf-stumble/pi"
src/facet/generation-0/execution-env-filesystem.ts:1:26: ERROR: Could not resolve "@cf-stumble/pi"
src/facet/generation-0/execution-env-paths.ts:1:26: ERROR: Could not resolve "@cf-stumble/pi"
src/facet/generation-0/pi-agent-turn.ts:7:7: ERROR: Could not resolve "@cf-stumble/pi"
src/facet/generation-0/route-stream.ts:1:50: ERROR: Could not resolve "@cf-stumble/pi"
    at failureErrorWithLog (/private/tmp/cf-stumble-v0/clean-harness-archive/node_modules/.pnpm/esbuild@0.28.1/node_modules/esbuild/lib/main.js:1748:15)
    at /private/tmp/cf-stumble-v0/clean-harness-archive/node_modules/.pnpm/esbuild@0.28.1/node_modules/esbuild/lib/main.js:1207:25
    at /private/tmp/cf-stumble-v0/clean-harness-archive/node_modules/.pnpm/esbuild@0.28.1/node_modules/esbuild/lib/main.js:1159:52
    at buildResponseToResult (/private/tmp/cf-stumble-v0/clean-harness-archive/node_modules/.pnpm/esbuild@0.28.1/node_modules/esbuild/lib/main.js:1205:7)
    at /private/tmp/cf-stumble-v0/clean-harness-archive/node_modules/.pnpm/esbuild@0.28.1/node_modules/esbuild/lib/main.js:1232:16
    at responseCallbacks.<computed> (/private/tmp/cf-stumble-v0/clean-harness-archive/node_modules/.pnpm/esbuild@0.28.1/node_modules/esbuild/lib/main.js:884:9)
    at handleIncomingPacket (/private/tmp/cf-stumble-v0/clean-harness-archive/node_modules/.pnpm/esbuild@0.28.1/node_modules/esbuild/lib/main.js:939:12)
    at Socket.readFromStdout (/private/tmp/cf-stumble-v0/clean-harness-archive/node_modules/.pnpm/esbuild@0.28.1/node_modules/esbuild/lib/main.js:862:7)
    at Socket.emit (node:events:514:20)
    at addChunk (node:internal/streams/readable:568:12) {
  errors: [Getter/Setter],
  warnings: [Getter/Setter]
}

Node.js v26.7.0
[ELIFECYCLE] Command failed with exit code 1.
